// Vitest Snapshot v1, https://vitest.dev/guide/snapshot.html

exports[`GraphQL schema contract > loads the checked-in account, event, and registration operations 1`] = `
[
  "Account",
  "AccountResult",
  "AccountSuccess",
  "AddEventCategoryInput",
  "AddEventParticipantInput",
  "ArchiveEventCategoryInput",
  "ArchiveEventEntryInput",
  "ArchiveEventInput",
  "ArchiveEventParticipantEntriesInput",
  "BallotCategoryChoice",
  "BallotEntryChoice",
  "BallotSubmissionReceipt",
  "BallotSubmissionResult",
  "BallotSubmissionSuccess",
  "Boolean",
  "CategoryBallotInput",
  "CategoryEntryTitleUpdateInput",
  "CategoryRemovalEntrySnapshotInput",
  "CategoryVotingMethod",
  "CategoryVotingRule",
  "CategoryVotingRuleInput",
  "CreateEventEntryInput",
  "CreateEventInput",
  "DateTime",
  "EntryArchivePayload",
  "EntryArchiveResult",
  "EntryArchiveSuccess",
  "EntryCreationPayload",
  "EntryCreationResult",
  "EntryCreationSuccess",
  "EntryOwnerChoice",
  "EntryOwnerChoiceListResult",
  "EntryOwnerChoiceListSuccess",
  "ErrorCode",
  "Event",
  "EventAnalytics",
  "EventBallotHistoryPage",
  "EventBallotHistoryResult",
  "EventBallotHistorySuccess",
  "EventBallotView",
  "EventBallotViewResult",
  "EventBallotViewSuccess",
  "EventCategory",
  "EventDetailAccess",
  "EventDetailViewResult",
  "EventEntry",
  "EventEntryStatus",
  "EventLifecycleStatus",
  "EventListResult",
  "EventListSuccess",
  "EventPhoto",
  "EventRegistration",
  "EventRegistrationListResult",
  "EventRegistrationListSuccess",
  "EventRegistrationPolicy",
  "EventRegistrationResult",
  "EventRegistrationSource",
  "EventRegistrationStatus",
  "EventRegistrationSuccess",
  "EventResult",
  "EventSuccess",
  "EventVisibility",
  "EventVotingCapability",
  "EventVotingCapabilityResult",
  "EventVotingCapabilitySuccess",
  "EventVotingResults",
  "EventVotingResultsResult",
  "EventVotingResultsSuccess",
  "EventVotingRules",
  "EventVotingState",
  "FieldError",
  "GenerateVotingCodesInput",
  "ID",
  "InspectPasswordResetInput",
  "Int",
  "ManualVotingStatus",
  "Mutation",
  "OperationError",
  "OwnedEventConnection",
  "ParticipantCard",
  "ParticipantEntryInput",
  "ParticipantListResult",
  "ParticipantListSuccess",
  "PasswordResetInspectionResult",
  "PasswordResetInspectionSuccess",
  "PasswordResetRequestResult",
  "PasswordResetRequestSuccess",
  "PasswordResetResult",
  "PasswordResetSuccess",
  "PrivateEventSummary",
  "ProvisionalEntryOwnerInput",
  "ProvisionalVoterInput",
  "PublicEventSearchConnection",
  "PublicEventSearchItem",
  "PublicEventSearchResult",
  "PublicEventSearchSuccess",
  "Query",
  "RegisterForEventInput",
  "RegisterInput",
  "RemoveEventParticipantInput",
  "RenameEventCategoryInput",
  "RequestPasswordResetInput",
  "RequestVotingAccessInput",
  "ResetPasswordInput",
  "SessionPayload",
  "SessionResult",
  "SessionSuccess",
  "SetEventRegistrationPolicyInput",
  "SetEventVisibilityInput",
  "SetEventVotingStatusInput",
  "SignInInput",
  "SignOutResult",
  "SignOutSuccess",
  "String",
  "SubmitEventBallotInput",
  "SubmittedEventBallot",
  "UnrestrictedRepeatPolicy",
  "UpdateEventCategoryInput",
  "UpdateEventDetailsInput",
  "UpdateEventVotingRulesInput",
  "VerifyEmailInput",
  "VotingAccessCode",
  "VotingAccessDecision",
  "VotingAccessDecisionCode",
  "VotingAccessDecisionResult",
  "VotingAccessDecisionSuccess",
  "VotingAccessPolicy",
  "VotingAccessRequirements",
  "VotingCategoryResult",
  "VotingCodeGenerationResult",
  "VotingCodeGenerationSuccess",
  "VotingCodeListResult",
  "VotingCodeListSuccess",
  "VotingCodePage",
  "VotingCodeStatus",
  "VotingEntryResult",
  "VotingRulesStatus",
  "VotingStatus",
  "VotingStatusChangeResult",
  "VotingStatusChangeSuccess",
]
`;
