// Vitest Snapshot v1, https://vitest.dev/guide/snapshot.html

exports[`GraphQL schema contract > loads the checked-in account, event, and registration operations 1`] = `
[
  "Account",
  "AccountResult",
  "AccountSuccess",
  "AddEventCategoryInput",
  "AddEventParticipantInput",
  "ArchiveEventEntryInput",
  "ArchiveEventParticipantEntriesInput",
  "Boolean",
  "CreateEventInput",
  "DateTime",
  "EntryArchivePayload",
  "EntryArchiveResult",
  "EntryArchiveSuccess",
  "EntryCreationPayload",
  "EntryCreationResult",
  "EntryCreationSuccess",
  "ErrorCode",
  "Event",
  "EventCategory",
  "EventEntry",
  "EventEntryStatus",
  "EventListResult",
  "EventListSuccess",
  "EventRegistration",
  "EventRegistrationListResult",
  "EventRegistrationListSuccess",
  "EventRegistrationPolicy",
  "EventRegistrationResult",
  "EventRegistrationSource",
  "EventRegistrationStatus",
  "EventRegistrationSuccess",
  "EventResult",
  "EventSuccess",
  "FieldError",
  "ID",
  "Int",
  "Mutation",
  "OperationError",
  "OwnedEventConnection",
  "ParticipantCard",
  "ParticipantEntryInput",
  "ParticipantListResult",
  "ParticipantListSuccess",
  "Query",
  "RegisterForEventInput",
  "RegisterInput",
  "RemoveEventParticipantInput",
  "RenameEventCategoryInput",
  "SessionPayload",
  "SessionResult",
  "SessionSuccess",
  "SetEventRegistrationPolicyInput",
  "SignInInput",
  "SignOutResult",
  "SignOutSuccess",
  "String",
  "VerifyEmailInput",
]
`;
